   1 Overview   2 Projects   3 Mix   4 Models  [5 Stats]

  Stats                                      tokens · 2026-08-20 to 2026-09-18

  days                      mean                      median
  2                         472.1M                    472.1M

  p90                                    max
  42.0M                                  902.2M
  daily tokens for this window

  r range 30d  ·  t metric tokens  ·  l scale auto  ·  ? help