   1 Overview   2 Projects   3 Mix   4 Models  [5 Stats]

  Stats                                                                              tokens · 2026-08-20 to 2026-09-18

  days                   mean                   median                 p90                    max
  2                      472.1M                 472.1M                 42.0M                  902.2M
  daily tokens for this window

  Distribution                                              Weekday profile, mean per active day
    0-90.2M        ████████████████████████████████████     1    Sun   ························        0  0d
    90.2M-180.4M   ····································     0    Mon   ························        0  0d
    180.4M-270.7M  ····································     0    Tue   ························        0  0d
    270.7M-360.9M  ····································     0    Wed   █·······················    42.0M  1d
    360.9M-451.1M  ····································     0    Thu   ························        0  0d
    451.1M-541.3M  ····································     0    Fri   ████████████████████████   902.2M  1d
    541.3M-631.5M  ····································     0    Sat   ························        0  0d
    631.5M-721.8M  ····································     0
    721.8M-812.0M  ····································     0
    812.0M-902.2M  ████████████████████████████████████     1

  Top days                                                  Outliers above 1.3B
    2026-09-18  ████████████████████    902.2M                none
    2026-09-16  █···················     42.0M

  Projection to 2026-09-30, from the least squares fit over the window
    expected    ███████████████████████████████████·····       5.9B
    band                                      ━━━━━━━━━━  5.2B to 6.7B
    slope       +4.3e+08 per day over 12 days left

  r range 30d  ·  t metric tokens  ·  l scale auto  ·  ? help